// Jest Snapshot v1, https://goo.gl/fbAQLP

exports[`should render expense list item component with fixture data 1`] = `
<div>
  <Link
    replace={false}
    to="/edit/1"
  >
    <h3>
      gum
    </h3>
  </Link>
  <p>
    199
     - 
    0
  </p>
</div>
`;
