// Jest Snapshot v1, https://goo.gl/fbAQLP

exports[`should render ExpenseList with expenses 1`] = `
<div>
  <ExpenseListItem
    amount={1.99}
    createdAt={0}
    description="gum"
    id="1"
    key="1"
    note=""
  />
  <ExpenseListItem
    amount={1095}
    createdAt={-345600000}
    description="rent"
    id="2"
    key="2"
    note=""
  />
  <ExpenseListItem
    amount={45}
    createdAt={345600000}
    description="credit card"
    id="3"
    key="3"
    note=""
  />
</div>
`;

exports[`should render expense list with empty message 1`] = `
<div>
  <p>
    No Expenses Found
  </p>
</div>
`;
